=====================================
https://docs.npmjs.com/
=====================================
npm consists of three distinct components:
a. the website
b. the Command Line Interface (CLI)
c. the registry
----
Use the website to discover packages, set up profiles, and manage other aspects of your npm experience. 
For example, you can set up Orgs (organizations) to manage access to public or private packages.
The CLI runs from a terminal, and is how most developers interact with npm.
The registry is a large public database of JavaScript software and the meta-information surrounding it.
----
Use npm to . . .
a. Adapt packages of code for your apps, or incorporate packages as they are.
b. Download standalone tools you can use right away.
c. Run packages without downloading using npx.
d. Share code with any npm user, anywhere.
e. Restrict code to specific developers.
f. Create Orgs (organizations) to coordinate package maintenance, coding, and developers.
g. Form virtual teams by using Orgs.
h. Manage multiple versions of code and code dependencies.
i. Update applications easily when underlying code is updated.
j. Discover multiple ways to solve the same puzzle.
k. Find other developers who are working on similar problems and projects.
----
npm install npm@latest -g
cn22@cnadmin:~/softwr/gulp$ npm -v
6.9.0
----
To publish and install packages to and from the public npm registry or your company’s npm Enterprise registry, 
you must install Node.js and the npm command line interface using either a Node version manager or a Node installer.
To download the latest version of npm, on the command line, run the following command:
[sudo] npm install npm -g 
-----
cn22@cnadmin:~/softwr/gulp$ npm config list
; cli configs
metrics-registry = "https://registry.npmjs.org/"
scope = ""
user-agent = "npm/6.9.0 node/v10.16.3 linux x64"
; node bin location = /usr/bin/node
; cwd = /home/cn22/softwr/gulp
; HOME = /home/cn22
; "npm config ls -l" to show all defaults.
-------
cn22@cnadmin:~/softwr/gulp$ npm config ls -l
; cli configs
long = true
metrics-registry = "https://registry.npmjs.org/"
scope = ""
user-agent = "npm/6.9.0 node/v10.16.3 linux x64"
; default values
access = null
allow-same-version = false
also = null
always-auth = false
audit = true
audit-level = "low"
auth-type = "legacy"
before = null
bin-links = true
browser = null
ca = null
cache = "/home/cn22/.npm"
cache-lock-retries = 10
cache-lock-stale = 60000
cache-lock-wait = 10000
cache-max = null
cache-min = 10
cafile = undefined
cert = null
cidr = null
color = true
commit-hooks = true
depth = null
description = true
dev = false
dry-run = false
editor = "vi"
engine-strict = false
fetch-retries = 2
fetch-retry-factor = 10
fetch-retry-maxtimeout = 60000
fetch-retry-mintimeout = 10000
force = false
git = "git"
git-tag-version = true
global = false
global-style = false
globalconfig = "/usr/etc/npmrc"
globalignorefile = "/usr/etc/npmignore"
group = 1001
ham-it-up = false
heading = "npm"
https-proxy = null
if-present = false
ignore-prepublish = false
ignore-scripts = false
init-author-email = ""
init-author-name = ""
init-author-url = ""
init-license = "ISC"
init-module = "/home/cn22/.npm-init.js"
init-version = "1.0.0"
json = false
key = null
legacy-bundling = false
link = false
local-address = undefined
loglevel = "notice"
logs-max = 10
; long = false (overridden)
maxsockets = 50
message = "%s"
; metrics-registry = null (overridden)
node-options = null
node-version = "10.16.3"
noproxy = null
offline = false
onload-script = null
only = null
optional = true
otp = null
package-lock = true
package-lock-only = false
parseable = false
prefer-offline = false
prefer-online = false
prefix = "/usr"
preid = ""
production = false
progress = true
proxy = null
read-only = false
rebuild-bundle = true
registry = "https://registry.npmjs.org/"
rollback = true
save = true
save-bundle = false
save-dev = false
save-exact = false
save-optional = false
save-prefix = "^"
save-prod = false
scope = ""
script-shell = null
scripts-prepend-node-path = "warn-only"
searchexclude = null
searchlimit = 20
searchopts = ""
searchstaleness = 900
send-metrics = false
shell = "/bin/bash"
shrinkwrap = true
sign-git-commit = false
sign-git-tag = false
sso-poll-frequency = 500
sso-type = "oauth"
strict-ssl = true
tag = "latest"
tag-version-prefix = "v"
timing = false
tmp = "/tmp"
umask = 2
unicode = false
unsafe-perm = true
update-notifier = true
usage = false
user = 0
; user-agent = "npm/{npm-version} node/{node-version} {platform} {arch}" (overridden)
userconfig = "/home/cn22/.npmrc"
version = false
versions = false
viewer = "man"
-----------
cn22@cnadmin:~$ npm version
{ npm: '6.9.0',
  ares: '1.15.0',
  brotli: '1.0.7',
  cldr: '35.1',
  http_parser: '2.8.0',
  icu: '64.2',
  modules: '64',
  napi: '4',
  nghttp2: '1.39.2',
  node: '10.16.3',
  openssl: '1.1.1c',
  tz: '2019a',
  unicode: '12.1',
  uv: '1.28.0',
  v8: '6.8.275.32-node.54',
  zlib: '1.2.11' }
----------
cn22@cnadmin:~$ npm doctor
npm notice PING https://registry.npmjs.org/
Check                               Value                        Recommendation
npm ping                            OK
npm -v                              v6.9.0                       Use npm v6.14.1
node -v                             v10.16.3                     Use node v12.16.1
npm config get registry             https://registry.npmjs.org/
which git                           /usr/bin/git
Perms check on cached files         ok
Perms check on global node_modules  ok
Perms check on local node_modules   ok
Verify cache contents               verified 398 tarballs
----------
cn22@cnadmin:~$ npm config list --json
{
  "json": true,
  "user-agent": "npm/6.9.0 node/v10.16.3 linux x64",
  "metrics-registry": "https://registry.npmjs.org/",
  "scope": "",
  "access": null,
  "allow-same-version": false,
  "always-auth": false,
  "also": null,
  "audit": true,
  "audit-level": "low",
  "auth-type": "legacy",
  "before": null,
  "bin-links": true,
  "browser": null,
  "ca": null,
  "cache": "/home/cn22/.npm",
  "cache-lock-stale": 60000,
  "cache-lock-retries": 10,
  "cache-lock-wait": 10000,
  "cache-max": null,
  "cache-min": 10,
  "cert": null,
  "cidr": null,
  "color": true,
  "depth": null,
  "description": true,
  "dev": false,
  "dry-run": false,
  "editor": "vi",
  "engine-strict": false,
  "force": false,
  "fetch-retries": 2,
  "fetch-retry-factor": 10,
  "fetch-retry-mintimeout": 10000,
  "fetch-retry-maxtimeout": 60000,
  "git": "git",
  "git-tag-version": true,
  "commit-hooks": true,
  "global": false,
  "globalconfig": "/usr/etc/npmrc",
  "global-style": false,
  "group": 1001,
  "ham-it-up": false,
  "heading": "npm",
  "if-present": false,
  "ignore-prepublish": false,
  "ignore-scripts": false,
  "init-module": "/home/cn22/.npm-init.js",
  "init-author-name": "",
  "init-author-email": "",
  "init-author-url": "",
  "init-version": "1.0.0",
  "init-license": "ISC",
  "key": null,
  "legacy-bundling": false,
  "link": false,
  "loglevel": "notice",
  "logs-max": 10,
  "long": false,
  "maxsockets": 50,
  "message": "%s",
  "node-options": null,
  "node-version": "10.16.3",
  "offline": false,
  "onload-script": null,
  "only": null,
  "optional": true,
  "otp": null,
  "package-lock": true,
  "package-lock-only": false,
  "parseable": false,
  "prefer-offline": false,
  "prefer-online": false,
  "prefix": "/usr",
  "preid": "",
  "production": false,
  "progress": true,
  "proxy": null,
  "https-proxy": null,
  "noproxy": null,
  "read-only": false,
  "rebuild-bundle": true,
  "registry": "https://registry.npmjs.org/",
  "rollback": true,
  "save": true,
  "save-bundle": false,
  "save-dev": false,
  "save-exact": false,
  "save-optional": false,
  "save-prefix": "^",
  "save-prod": false,
  "script-shell": null,
  "scripts-prepend-node-path": "warn-only",
  "searchopts": "",
  "searchexclude": null,
  "searchlimit": 20,
  "searchstaleness": 900,
  "send-metrics": false,
  "shell": "/bin/bash",
  "shrinkwrap": true,
  "sign-git-commit": false,
  "sign-git-tag": false,
  "sso-poll-frequency": 500,
  "sso-type": "oauth",
  "strict-ssl": true,
  "tag": "latest",
  "tag-version-prefix": "v",
  "timing": false,
  "tmp": "/tmp",
  "unicode": false,
  "unsafe-perm": true,
  "update-notifier": true,
  "usage": false,
  "user": 0,
  "userconfig": "/home/cn22/.npmrc",
  "umask": 2,
  "version": false,
  "versions": false,
  "viewer": "man",
  "globalignorefile": "/usr/etc/npmignore"
}
-----------------------------------------------
cn22@cnadmin:~$ npm config list --json
{
  "json": true,
  "user-agent": "npm/6.9.0 node/v10.16.3 linux x64",
  "metrics-registry": "https://registry.npmjs.org/",
  "scope": "",
  "access": null,
  "allow-same-version": false,
  "always-auth": false,
  "also": null,
  "audit": true,
  "audit-level": "low",
  "auth-type": "legacy",
  "before": null,
  "bin-links": true,
  "browser": null,
  "ca": null,
  "cache": "/home/cn22/.npm",
  "cache-lock-stale": 60000,
  "cache-lock-retries": 10,
  "cache-lock-wait": 10000,
  "cache-max": null,
  "cache-min": 10,
  "cert": null,
  "cidr": null,
  "color": true,
  "depth": null,
  "description": true,
  "dev": false,
  "dry-run": false,
  "editor": "vi",
  "engine-strict": false,
  "force": false,
  "fetch-retries": 2,
  "fetch-retry-factor": 10,
  "fetch-retry-mintimeout": 10000,
  "fetch-retry-maxtimeout": 60000,
  "git": "git",
  "git-tag-version": true,
  "commit-hooks": true,
  "global": false,
  "globalconfig": "/usr/etc/npmrc",
  "global-style": false,
  "group": 1001,
  "ham-it-up": false,
  "heading": "npm",
  "if-present": false,
  "ignore-prepublish": false,
  "ignore-scripts": false,
  "init-module": "/home/cn22/.npm-init.js",
  "init-author-name": "",
  "init-author-email": "",
  "init-author-url": "",
  "init-version": "1.0.0",
  "init-license": "ISC",
  "key": null,
  "legacy-bundling": false,
  "link": false,
  "loglevel": "notice",
  "logs-max": 10,
  "long": false,
  "maxsockets": 50,
  "message": "%s",
  "node-options": null,
  "node-version": "10.16.3",
  "offline": false,
  "onload-script": null,
  "only": null,
  "optional": true,
  "otp": null,
  "package-lock": true,
  "package-lock-only": false,
  "parseable": false,
  "prefer-offline": false,
  "prefer-online": false,
  "prefix": "/usr",
  "preid": "",
  "production": false,
  "progress": true,
  "proxy": null,
  "https-proxy": null,
  "noproxy": null,
  "read-only": false,
  "rebuild-bundle": true,
  "registry": "https://registry.npmjs.org/",
  "rollback": true,
  "save": true,
  "save-bundle": false,
  "save-dev": false,
  "save-exact": false,
  "save-optional": false,
  "save-prefix": "^",
  "save-prod": false,
  "script-shell": null,
  "scripts-prepend-node-path": "warn-only",
  "searchopts": "",
  "searchexclude": null,
  "searchlimit": 20,
  "searchstaleness": 900,
  "send-metrics": false,
  "shell": "/bin/bash",
  "shrinkwrap": true,
  "sign-git-commit": false,
  "sign-git-tag": false,
  "sso-poll-frequency": 500,
  "sso-type": "oauth",
  "strict-ssl": true,
  "tag": "latest",
  "tag-version-prefix": "v",
  "timing": false,
  "tmp": "/tmp",
  "unicode": false,
  "unsafe-perm": true,
  "update-notifier": true,
  "usage": false,
  "user": 0,
  "userconfig": "/home/cn22/.npmrc",
  "umask": 2,
  "version": false,
  "versions": false,
  "viewer": "man",
  "globalignorefile": "/usr/etc/npmignore"
}
------
===============================================
1. Create a folder - ~/softwr/prnpm 
2. npm init - generates the package.json 
3. npm install gulp-cli 
   - installs gulp cli and other modules in node_modules
   //modules required sass packaging
4.1. npm install gulp-sass 
4.2. npm install gulp-cssnano
4.3. npm install gulp-concat
4.4. npm install gulp-uglify
5. Set up your file structure
Before we start creating files and folders, just know that there are many different ways to set up your file structure. 
The approach that you’ll be using is good for basic projects, but the “right” setup will depend a lot on what your 
particular needs are. This basic method will help you get a grasp on the basic functionality of all the moving parts. 
Then you can build off or change the setup to your own liking in the future!
Here’s what the project tree will look like:
Root Project Folder
 index.html
 gulpfile.js
 package.json
 node_modules (folder)
 app (folder)
 script.js
 style.scss
 dist (folder)
------------------------
Create and configure your Gulpfile
The Gulpfile contains the code to load installed packages and run different functions. 
The code performs two basic functions:
Initialize your installed packages as Node modules.
Create and run Gulp tasks.



npm 
===============================================


====================================
check the npm,node and npx version
------------------------------------
cn22@cnadmin:~/softwr/gulp$ npx -v
6.9.0
cn22@cnadmin:~/softwr/gulp$ npm -v
6.9.0
cn22@cnadmin:~/softwr/gulp$ node -v
v10.16.3
cn22@cnadmin:~/softwr/gulp$ 
------------------------------------
install gulp command line utility
-------














